[babychimp.fun/index.html]
[backblue.gif]
[fade.gif]
[index.html]
[babychimp.fun/index.php/comments/feed/index.html]
[babychimp.fun/index.php/feed/index.html]
[babychimp.fun/index.php/wp-json/index.html]
[babychimp.fun/index.php/wp-json/wp/v2/pages/8.json]
[babychimp.fun/xmlrpc0db0.php]
[babychimp.fun/index.php/wp-json/oembed/1.0/embedc034.json]
[babychimp.fun/index.php/wp-json/oembed/1.0/embed76e8]
[babychimp.fun/wp-content/themes/twentytwentyfour/assets/fonts/inter/Inter-VariableFont_slnt,wght.woff2]
[babychimp.fun/wp-content/themes/twentytwentyfour/assets/fonts/cardo/cardo_normal_400.woff2]
[babychimp.fun/wp-content/themes/twentytwentyfour/assets/fonts/cardo/cardo_italic_400.woff2]
[babychimp.fun/wp-content/themes/twentytwentyfour/assets/fonts/cardo/cardo_normal_700.woff2]
[babychimp.fun/wp-content/uploads/2024/09/chippy-icon-dex-150x150.png]
[babychimp.fun/wp-content/uploads/2024/09/chippy-icon-dex.png]
[babychimp.fun/wp-content/uploads/2024/09/Asset-2-1-1024x214.png]
[babychimp.fun/wp-content/uploads/2024/09/mongy-monke-1.gif]
[babychimp.fun/wp-content/plugins/elementor-pro/assets/js/webpack-pro.runtime.min28fc.js]
[babychimp.fun/wp-content/plugins/elementor/assets/js/webpack.runtime.mind5d5.js]
[babychimp.fun/wp-includes/js/jquery/jquery.minf43b.js]
[babychimp.fun/wp-includes/js/jquery/jquery-migrate.min5589.js]
[babychimp.fun/wp-content/plugins/elementor/assets/js/frontend-modules.mind5d5.js]
[babychimp.fun/wp-includes/js/dist/hooks.min2757.js]
[babychimp.fun/wp-includes/js/dist/i18n.minc33c.js]
[babychimp.fun/wp-content/plugins/elementor-pro/assets/js/frontend.min28fc.js]
[babychimp.fun/wp-content/plugins/elementor/assets/lib/waypoints/waypoints.min05da.js]
[babychimp.fun/wp-includes/js/jquery/ui/core.minb37e.js]
[babychimp.fun/wp-content/plugins/elementor/assets/js/frontend.mind5d5.js]
[babychimp.fun/wp-content/plugins/elementor-pro/assets/js/elements-handlers.min28fc.js]
[babychimp.fun/index.html]
[babychimp.fun/wp-content/plugins/elementor/assets/css/frontend-lite.mind5d5.css]
[babychimp.fun/wp-content/plugins/elementor/assets/lib/swiper/v8/css/swiper.min94a4.css]
[babychimp.fun/wp-content/uploads/elementor/css/post-73aa7.css]
[babychimp.fun/wp-content/plugins/elementor-pro/assets/css/frontend-lite.min28fc.css]
[babychimp.fun/wp-content/uploads/elementor/css/global387f.css]
[babychimp.fun/wp-content/plugins/elementor/assets/images/placeholder.png]
[babychimp.fun/wp-content/uploads/elementor/css/post-8bcbd.css]
[babychimp.fun/wp-content/plugins/elementor/assets/lib/animations/animations.mind5d5.css]
